// Jest Snapshot v1, https://goo.gl/fbAQLP

exports[`Root component test should call ReactDOM.render and match snapshot 1`] = `<AppContainer />`;
