// Jest Snapshot v1, https://goo.gl/fbAQLP

exports[`ResultsList component should be rendered with default props 1`] = `
<div
  className="results__container"
/>
`;
