// Jest Snapshot v1, https://goo.gl/fbAQLP

exports[`AppContainer component should be rendered with default props 1`] = `
<Fragment>
  <Header
    goToSearchHandler={[Function]}
    isSearchPage={false}
  />
  <main>
    <Connect(MoviePage) />
  </main>
  <footer>
    Copyright Â© 2019
  </footer>
</Fragment>
`;
