// Jest Snapshot v1, https://goo.gl/fbAQLP

exports[`AppContainer component should be rendered with default props 1`] = `<Connect(AppContainer) />`;
