// Jest Snapshot v1, https://goo.gl/fbAQLP

exports[`ErrorHandler component should be rendered with default props 1`] = `<Component />`;
